// Jest Snapshot v1, https://goo.gl/fbAQLP

exports[`kosko generate --preprod 1`] = `
"---
apiVersion: v1
kind: Namespace
metadata:
  annotations:
    field.cattle.io/creatorId: gitlab
    field.cattle.io/projectId: c-bd7z2:p-wcxt4
    git/branch: v1.2.3
    git/remote: >-
      https://gitlab-ci-token:[MASKED]@gitlab.factory.social.gouv.fr/SocialGouv/serving-ml.git
    app.gitlab.com/app: socialgouv-serving-ml
    app.gitlab.com/env: preprod-dev2
    app.gitlab.com/env.name: preprod-dev2
  labels:
    azure-pg-admin-user: serving-ml
    application: v1-2-3-serving-ml
    owner: serving-ml
    team: serving-ml
    cert: wildcard
  name: serving-ml-144-preprod-dev2
---
apiVersion: apps/v1
kind: Deployment
metadata:
  annotations:
    kapp.k14s.io/disable-default-ownership-label-rules: ''
    kapp.k14s.io/disable-default-label-scoping-rules: ''
    app.gitlab.com/app: socialgouv-serving-ml
    app.gitlab.com/env: preprod-dev2
    app.gitlab.com/env.name: preprod-dev2
  labels:
    app: serving-ml
    application: v1-2-3-serving-ml
    owner: serving-ml
    team: serving-ml
    cert: wildcard
  name: serving-ml
  namespace: serving-ml-144-preprod-dev2
spec:
  replicas: 1
  selector:
    matchLabels:
      app: serving-ml
  template:
    metadata:
      annotations:
        kapp.k14s.io/disable-default-ownership-label-rules: ''
        kapp.k14s.io/disable-default-label-scoping-rules: ''
        app.gitlab.com/app: socialgouv-serving-ml
        app.gitlab.com/env: preprod-dev2
        app.gitlab.com/env.name: preprod-dev2
      labels:
        app: serving-ml
        application: v1-2-3-serving-ml
        owner: serving-ml
        team: serving-ml
        cert: wildcard
    spec:
      containers:
        - image: harbor.fabrique.social.gouv.fr/cdtn/serving-ml:1.2.3
          livenessProbe:
            failureThreshold: 6
            httpGet:
              path: /v1/models/sentqam
              port: http
            initialDelaySeconds: 15
            periodSeconds: 5
            timeoutSeconds: 15
          name: serving-ml
          ports:
            - containerPort: 8501
              name: http
          readinessProbe:
            failureThreshold: 15
            httpGet:
              path: /v1/models/sentqam
              port: http
            initialDelaySeconds: 5
            periodSeconds: 5
            successThreshold: 1
            timeoutSeconds: 3
          resources:
            limits:
              cpu: 1000m
              memory: 2Gi
            requests:
              cpu: 500m
              memory: 1.5Gi
          startupProbe:
            failureThreshold: 12
            httpGet:
              path: /v1/models/sentqam
              port: http
            periodSeconds: 5
            initialDelaySeconds: 0
            timeoutSeconds: 15
---
apiVersion: v1
kind: Service
metadata:
  labels:
    app: serving-ml
    application: v1-2-3-serving-ml
    owner: serving-ml
    team: serving-ml
    cert: wildcard
  name: serving-ml
  annotations:
    kapp.k14s.io/disable-default-ownership-label-rules: ''
    kapp.k14s.io/disable-default-label-scoping-rules: ''
    app.gitlab.com/app: socialgouv-serving-ml
    app.gitlab.com/env: preprod-dev2
    app.gitlab.com/env.name: preprod-dev2
  namespace: serving-ml-144-preprod-dev2
spec:
  ports:
    - name: http
      port: 80
      targetPort: 8501
  selector:
    app: serving-ml
  type: ClusterIP
---
apiVersion: extensions/v1beta1
kind: Ingress
metadata:
  annotations:
    kubernetes.io/ingress.class: nginx
    kapp.k14s.io/disable-default-ownership-label-rules: ''
    kapp.k14s.io/disable-default-label-scoping-rules: ''
    app.gitlab.com/app: socialgouv-serving-ml
    app.gitlab.com/env: preprod-dev2
    app.gitlab.com/env.name: preprod-dev2
  labels:
    app: serving-ml
    application: v1-2-3-serving-ml
    owner: serving-ml
    team: serving-ml
    cert: wildcard
  name: serving-ml
  namespace: serving-ml-144-preprod-dev2
spec:
  rules:
    - host: preprod-serving-ml.dev2.fabrique.social.gouv.fr
      http:
        paths:
          - backend:
              serviceName: serving-ml
              servicePort: 80
            path: /
  tls:
    - hosts:
        - preprod-serving-ml.dev2.fabrique.social.gouv.fr
      secretName: wildcard-crt
---
apiVersion: autoscaling/v2beta2
kind: HorizontalPodAutoscaler
metadata:
  annotations:
    kapp.k14s.io/disable-default-ownership-label-rules: ''
    kapp.k14s.io/disable-default-label-scoping-rules: ''
    app.gitlab.com/app: socialgouv-serving-ml
    app.gitlab.com/env: preprod-dev2
    app.gitlab.com/env.name: preprod-dev2
  labels:
    app: serving-ml
    application: v1-2-3-serving-ml
    owner: serving-ml
    team: serving-ml
    cert: wildcard
  name: serving-ml
  namespace: serving-ml-144-preprod-dev2
spec:
  minReplicas: 2
  maxReplicas: 10
  metrics:
    - resource:
        name: cpu
        target:
          averageUtilization: 4000
          type: Utilization
      type: Resource
    - resource:
        name: memory
        target:
          averageUtilization: 100
          type: Utilization
      type: Resource
  scaleTargetRef:
    apiVersion: apps/v1
    kind: Deployment
    name: serving-ml
"
`;
